// Jest Snapshot v1, https://goo.gl/fbAQLP

exports[` 1`] = `
Object {
  "asFragment": [Function],
  "baseElement": <body>
    <div>
      <div
        class="md:m-28"
      >
        <div
          class="border-gray-100 border "
        />
        <div
          class="grid p-8 space-y-8 md:space-y-0 md:grid-cols-4 md:gap-4 md:place-items-center md:p-16 "
        >
          <div
            class="flex flex-col text-center justify-center "
          >
            <span
              class="text-gray-900 text-4xl font-medium"
            >
              2+
            </span>
            <span
              class="text-gray-400 font-medium uppercase text-sm mt-2"
            >
              Years of experience
            </span>
          </div>
          <div
            class="flex flex-col text-center justify-center "
          >
            <span
              class="text-gray-900 text-4xl font-medium"
            >
              12+
            </span>
            <span
              class="text-gray-400 font-medium uppercase text-sm mt-2"
            >
              PROJECTS FINISHED
            </span>
          </div>
          <div
            class="flex flex-col text-center justify-center"
          >
            <span
              class=" text-gray-900 text-4xl font-medium "
            >
              2+
            </span>
            <span
              class="text-gray-400 font-medium uppercase text-sm mt-2 md:h-10 lg:h-5"
            >
              Certifications
            </span>
          </div>
          <div
            class="flex flex-col text-center justify-center "
          >
            <span
              class="text-gray-900 text-4xl font-medium"
            >
              5+
            </span>
            <span
              class="text-gray-400 font-medium uppercase text-sm mt-2 md:h-10 lg:h-5 "
            >
              Happy Clients
            </span>
          </div>
        </div>
        <div
          class="flex border-gray-100 border"
        />
      </div>
    </div>
  </body>,
  "container": <div>
    <div
      class="md:m-28"
    >
      <div
        class="border-gray-100 border "
      />
      <div
        class="grid p-8 space-y-8 md:space-y-0 md:grid-cols-4 md:gap-4 md:place-items-center md:p-16 "
      >
        <div
          class="flex flex-col text-center justify-center "
        >
          <span
            class="text-gray-900 text-4xl font-medium"
          >
            2+
          </span>
          <span
            class="text-gray-400 font-medium uppercase text-sm mt-2"
          >
            Years of experience
          </span>
        </div>
        <div
          class="flex flex-col text-center justify-center "
        >
          <span
            class="text-gray-900 text-4xl font-medium"
          >
            12+
          </span>
          <span
            class="text-gray-400 font-medium uppercase text-sm mt-2"
          >
            PROJECTS FINISHED
          </span>
        </div>
        <div
          class="flex flex-col text-center justify-center"
        >
          <span
            class=" text-gray-900 text-4xl font-medium "
          >
            2+
          </span>
          <span
            class="text-gray-400 font-medium uppercase text-sm mt-2 md:h-10 lg:h-5"
          >
            Certifications
          </span>
        </div>
        <div
          class="flex flex-col text-center justify-center "
        >
          <span
            class="text-gray-900 text-4xl font-medium"
          >
            5+
          </span>
          <span
            class="text-gray-400 font-medium uppercase text-sm mt-2 md:h-10 lg:h-5 "
          >
            Happy Clients
          </span>
        </div>
      </div>
      <div
        class="flex border-gray-100 border"
      />
    </div>
  </div>,
  "debug": [Function],
  "findAllByAltText": [Function],
  "findAllByDisplayValue": [Function],
  "findAllByLabelText": [Function],
  "findAllByPlaceholderText": [Function],
  "findAllByRole": [Function],
  "findAllByTestId": [Function],
  "findAllByText": [Function],
  "findAllByTitle": [Function],
  "findByAltText": [Function],
  "findByDisplayValue": [Function],
  "findByLabelText": [Function],
  "findByPlaceholderText": [Function],
  "findByRole": [Function],
  "findByTestId": [Function],
  "findByText": [Function],
  "findByTitle": [Function],
  "getAllByAltText": [Function],
  "getAllByDisplayValue": [Function],
  "getAllByLabelText": [Function],
  "getAllByPlaceholderText": [Function],
  "getAllByRole": [Function],
  "getAllByTestId": [Function],
  "getAllByText": [Function],
  "getAllByTitle": [Function],
  "getByAltText": [Function],
  "getByDisplayValue": [Function],
  "getByLabelText": [Function],
  "getByPlaceholderText": [Function],
  "getByRole": [Function],
  "getByTestId": [Function],
  "getByText": [Function],
  "getByTitle": [Function],
  "queryAllByAltText": [Function],
  "queryAllByDisplayValue": [Function],
  "queryAllByLabelText": [Function],
  "queryAllByPlaceholderText": [Function],
  "queryAllByRole": [Function],
  "queryAllByTestId": [Function],
  "queryAllByText": [Function],
  "queryAllByTitle": [Function],
  "queryByAltText": [Function],
  "queryByDisplayValue": [Function],
  "queryByLabelText": [Function],
  "queryByPlaceholderText": [Function],
  "queryByRole": [Function],
  "queryByTestId": [Function],
  "queryByText": [Function],
  "queryByTitle": [Function],
  "rerender": [Function],
  "unmount": [Function],
}
`;
